@256
D=A
@SP
M=D
@Main$ret.0
D=A
@SP
A=M
M=D
@SP
M=M+1
@LCL
D=M
@SP
A=M
M=D
@SP
M=M+1
@ARG
D=M
@SP
A=M
M=D
@SP
M=M+1
@THIS
D=M
@SP
A=M
M=D
@SP
M=M+1
@THAT
D=M
@SP
A=M
M=D
@SP
M=M+1
@SP
D=M
@0
D=D-A
@5
D=D-A
@ARG
M=D
@SP
D=M
@LCL
M=D
@Sys.init
0;JMP
(Main$ret.0)
(Main.fibonacci)
@ARG
D=M
@0
A=D+A
D=M
@SP
A=M
M=D
@SP
M=M+1
@2
D=A
@SP
A=M
M=D
@SP
M=M+1
@SP
M=M-1
@SP
A=M
D=M
@SP
M=M-1
@SP
A=M
A=M
D=A-D
@Main.fibonacci$_comparsion_true.0
D;JLT
D=0
@Main.fibonacci$_comparsion_end.0
0;JMP
(Main.fibonacci$_comparsion_true.0)
D=-1
(Main.fibonacci$_comparsion_end.0)
@SP
A=M
M=D
@SP
M=M+1
@SP
M=M-1
@SP
A=M
D=M
@Main.fibonacci$IF_TRUE
D;JNE
@Main.fibonacci$IF_FALSE
0;JMP
(Main.fibonacci$IF_TRUE)
@ARG
D=M
@0
A=D+A
D=M
@SP
A=M
M=D
@SP
M=M+1
@LCL
D=M
@R13
M=D
@R13
D=M
@5
A=D-A
D=M
@R14
M=D
@SP
M=M-1
@SP
A=M
D=M
@ARG
A=M
M=D
@ARG
D=M+1
@SP
M=D
@R13
D=M
@1
A=D-A
D=M
@THAT
M=D
@R13
D=M
@2
A=D-A
D=M
@THIS
M=D
@R13
D=M
@3
A=D-A
D=M
@ARG
M=D
@R13
D=M
@4
A=D-A
D=M
@LCL
M=D
@R14
A=M
0;JMP
(Main.fibonacci$IF_FALSE)
@ARG
D=M
@0
A=D+A
D=M
@SP
A=M
M=D
@SP
M=M+1
@2
D=A
@SP
A=M
M=D
@SP
M=M+1
@SP
M=M-1
@SP
A=M
D=M
@SP
M=M-1
@SP
A=M
A=M
D=A-D
@SP
A=M
M=D
@SP
M=M+1
@Main.fibonacci$ret.0
D=A
@SP
A=M
M=D
@SP
M=M+1
@LCL
D=M
@SP
A=M
M=D
@SP
M=M+1
@ARG
D=M
@SP
A=M
M=D
@SP
M=M+1
@THIS
D=M
@SP
A=M
M=D
@SP
M=M+1
@THAT
D=M
@SP
A=M
M=D
@SP
M=M+1
@SP
D=M
@1
D=D-A
@5
D=D-A
@ARG
M=D
@SP
D=M
@LCL
M=D
@Main.fibonacci
0;JMP
(Main.fibonacci$ret.0)
@ARG
D=M
@0
A=D+A
D=M
@SP
A=M
M=D
@SP
M=M+1
@1
D=A
@SP
A=M
M=D
@SP
M=M+1
@SP
M=M-1
@SP
A=M
D=M
@SP
M=M-1
@SP
A=M
A=M
D=A-D
@SP
A=M
M=D
@SP
M=M+1
@Main.fibonacci$ret.1
D=A
@SP
A=M
M=D
@SP
M=M+1
@LCL
D=M
@SP
A=M
M=D
@SP
M=M+1
@ARG
D=M
@SP
A=M
M=D
@SP
M=M+1
@THIS
D=M
@SP
A=M
M=D
@SP
M=M+1
@THAT
D=M
@SP
A=M
M=D
@SP
M=M+1
@SP
D=M
@1
D=D-A
@5
D=D-A
@ARG
M=D
@SP
D=M
@LCL
M=D
@Main.fibonacci
0;JMP
(Main.fibonacci$ret.1)
@SP
M=M-1
@SP
A=M
D=M
@SP
M=M-1
@SP
A=M
A=M
D=D+A
@SP
A=M
M=D
@SP
M=M+1
@LCL
D=M
@R13
M=D
@R13
D=M
@5
A=D-A
D=M
@R14
M=D
@SP
M=M-1
@SP
A=M
D=M
@ARG
A=M
M=D
@ARG
D=M+1
@SP
M=D
@R13
D=M
@1
A=D-A
D=M
@THAT
M=D
@R13
D=M
@2
A=D-A
D=M
@THIS
M=D
@R13
D=M
@3
A=D-A
D=M
@ARG
M=D
@R13
D=M
@4
A=D-A
D=M
@LCL
M=D
@R14
A=M
0;JMP
(Sys.init)
@4
D=A
@SP
A=M
M=D
@SP
M=M+1
@Sys.init$ret.0
D=A
@SP
A=M
M=D
@SP
M=M+1
@LCL
D=M
@SP
A=M
M=D
@SP
M=M+1
@ARG
D=M
@SP
A=M
M=D
@SP
M=M+1
@THIS
D=M
@SP
A=M
M=D
@SP
M=M+1
@THAT
D=M
@SP
A=M
M=D
@SP
M=M+1
@SP
D=M
@1
D=D-A
@5
D=D-A
@ARG
M=D
@SP
D=M
@LCL
M=D
@Main.fibonacci
0;JMP
(Sys.init$ret.0)
(Sys.init$WHILE)
@Sys.init$WHILE
0;JMP
