(SimpleFunction.test)
@0
D=A
@SP
A=M
M=D
@SP
M=M+1
@0
D=A
@SP
A=M
M=D
@SP
M=M+1
@LCL
D=M
@0
A=D+A
D=M
@SP
A=M
M=D
@SP
M=M+1
@LCL
D=M
@1
A=D+A
D=M
@SP
A=M
M=D
@SP
M=M+1
@SP
M=M-1
@SP
A=M
D=M
@SP
M=M-1
@SP
A=M
A=M
D=D+A
@SP
A=M
M=D
@SP
M=M+1
@SP
M=M-1
@SP
A=M
D=M
D=!D
@SP
A=M
M=D
@SP
M=M+1
@ARG
D=M
@0
A=D+A
D=M
@SP
A=M
M=D
@SP
M=M+1
@SP
M=M-1
@SP
A=M
D=M
@SP
M=M-1
@SP
A=M
A=M
D=D+A
@SP
A=M
M=D
@SP
M=M+1
@ARG
D=M
@1
A=D+A
D=M
@SP
A=M
M=D
@SP
M=M+1
@SP
M=M-1
@SP
A=M
D=M
@SP
M=M-1
@SP
A=M
A=M
D=A-D
@SP
A=M
M=D
@SP
M=M+1
@LCL
D=M
@R13
M=D
@SP
M=M-1
@SP
A=M
D=M
@ARG
A=M
M=D
@ARG
D=M+1
@SP
M=D
@R13
D=M
A=D-1
D=M
@THAT
M=D
@R13
D=M
D=D-1
A=D-1
D=M
@THIS
M=D
@R13
D=M
D=D-1
D=D-1
A=D-1
D=M
@ARG
M=D
@R13
D=M
D=D-1
D=D-1
D=D-1
A=D-1
D=M
@LCL
M=D
@R13
D=M
D=D-1
D=D-1
D=D-1
D=D-1
A=D-1
A=M
0;JMP
